// Jest Snapshot v1, https://goo.gl/fbAQLP

exports[`Hello World Comp. Snapshot Test 1`] = `
<View
  style={
    Object {
      "alignItems": "center",
      "flex": 1,
      "justifyContent": "center",
    }
  }
>
  <Text
    style={
      Object {
        "fontSize": 20,
      }
    }
  >
     
    Hello World
     
  </Text>
</View>
`;
